
  .   ____          _            __ _ _
 /\\ / ___'_ __ _ _(_)_ __  __ _ \ \ \ \
( ( )\___ | '_ | '_| | '_ \/ _` | \ \ \ \
 \\/  ___)| |_)| | | | | || (_| |  ) ) ) )
  '  |____| .__|_| |_|_| |_\__, | / / / /
 =========|_|==============|___/=/_/_/_/

 :: Spring Boot ::                (v3.5.3)

2026-08-12T09:54:54.083-07:00  INFO 25640 --- [BlackJackStack] [           main] c.BlackJackStack.demo.DemoApplication    : Starting DemoApplication v0.0.1-SNAPSHOT using Java 26.0.2 with PID 25640 (C:\Users\kenle\IdeaProjects\21logic\target\demo-0.0.1-SNAPSHOT.jar started by kenle in C:\Users\kenle\IdeaProjects\21logic)
2026-08-12T09:54:54.088-07:00  INFO 25640 --- [BlackJackStack] [           main] c.BlackJackStack.demo.DemoApplication    : No active profile set, falling back to 1 default profile: "default"
2026-08-12T09:54:55.126-07:00  INFO 25640 --- [BlackJackStack] [           main] o.s.b.w.embedded.tomcat.TomcatWebServer  : Tomcat initialized with port 8080 (http)
2026-08-12T09:54:55.145-07:00  INFO 25640 --- [BlackJackStack] [           main] o.apache.catalina.core.StandardService   : Starting service [Tomcat]
2026-08-12T09:54:55.146-07:00  INFO 25640 --- [BlackJackStack] [           main] o.apache.catalina.core.StandardEngine    : Starting Servlet engine: [Apache Tomcat/10.1.42]
2026-08-12T09:54:55.180-07:00  INFO 25640 --- [BlackJackStack] [           main] o.a.c.c.C.[Tomcat].[localhost].[/]       : Initializing Spring embedded WebApplicationContext
2026-08-12T09:54:55.181-07:00  INFO 25640 --- [BlackJackStack] [           main] w.s.c.ServletWebServerApplicationContext : Root WebApplicationContext: initialization completed in 1040 ms
2026-08-12T09:54:55.498-07:00  INFO 25640 --- [BlackJackStack] [           main] o.s.b.a.w.s.WelcomePageHandlerMapping    : Adding welcome page: class path resource [static/index.html]
2026-08-12T09:54:55.840-07:00  INFO 25640 --- [BlackJackStack] [           main] o.s.b.w.embedded.tomcat.TomcatWebServer  : Tomcat started on port 8080 (http) with context path '/'
2026-08-12T09:54:55.865-07:00  INFO 25640 --- [BlackJackStack] [           main] c.BlackJackStack.demo.DemoApplication    : Started DemoApplication in 2.285 seconds (process running for 2.719)
2026-08-12T09:56:46.252-07:00  INFO 25640 --- [BlackJackStack] [nio-8080-exec-1] o.a.c.c.C.[Tomcat].[localhost].[/]       : Initializing Spring DispatcherServlet 'dispatcherServlet'
2026-08-12T09:56:46.257-07:00  INFO 25640 --- [BlackJackStack] [nio-8080-exec-1] o.s.web.servlet.DispatcherServlet        : Initializing Servlet 'dispatcherServlet'
2026-08-12T09:56:46.282-07:00  INFO 25640 --- [BlackJackStack] [nio-8080-exec-1] o.s.web.servlet.DispatcherServlet        : Completed initialization in 24 ms
